---
source: tests/snapshots/test_cli_commands_snapshots.rs
expression: "std::str::from_utf8(&output.stdout).unwrap()"
---
Init creates the .newton workspace layout, installs the Newton template with aikit-sdk, and writes default configs so you can run immediately.

Usage: newton init [OPTIONS] [PATH]

Arguments:
  [PATH]
          Path containing the workspace to initialize (default: current directory)

Options:
      --template-source <SOURCE>
          Template source to install (default: gonewton/newton-templates)

  -h, --help
          Print help (see a summary with '-h')

Example:
    newton init ./workspace
