---
source: tests/unit/test_config_comprehensive.rs
expression: deserialized
---
NewtonConfig {
    project: ProjectConfig {
        name: "test-project",
        template: Some(
            "test-template",
        ),
    },
    executor: ExecutorConfig {
        coding_agent: "test-agent",
        coding_agent_model: "test-model",
        auto_commit: true,
    },
    evaluator: EvaluatorConfig {
        test_command: Some(
            "./test.sh",
        ),
        score_threshold: 85.0,
    },
    advisor: AdvisorConfig,
    context: ContextConfig {
        clear_after_use: false,
        file: "test/context.md",
    },
    promise: PromiseConfig {
        file: "test/promise.txt",
    },
}
