---
source: tests/integration/test_workflow_scenarios.rs
expression: summary
---
execution_id: "[uuid]"
total_iterations: 1
completed_tasks:
  read_cfg:
    status: success
    output:
      done: false
      exists: true
      message: ~
      metadata: ~
    error_code: ~
    duration_ms: "[duration]"
    run_seq: 1
