---
source: crates/cli/tests/integration/test_workflow_scenarios.rs
expression: summary
---
execution_id: "[uuid]"
total_iterations: 1
completed_tasks:
  call_child:
    status: success
    output:
      error: ~
      execution_id: "[uuid]"
      result: ~
      status: success
    error_code: ~
    duration_ms: "[duration]"
    run_seq: 1
result: ~
output_valid: true
